
> frontend@0.0.0 build
> vite build

[36mvite v8.0.0-beta.16 [32mbuilding client environment for production...[36m[39m
[2K
transforming...Γ£ô 16 modules transformed.
node.exe : [31mΓ£ù[39m Build 
failed in 336ms
At c:\users\aldsa\appdata\roaming\
npm\npm.ps1:24 char:5
+     & "node$exe"  "$basedir/node
_modules/npm/bin/npm-cli.js" $args
+     ~~~~~~~~~~~~~~~~~~~~~~~~~~~~
~~~~~~~~~~~~~~~~~~~~~~~~~~~~~~~~~~
    + CategoryInfo          : Not 
   Specified: ([31mΓ£ù[39m Bui  
  ld failed in 336ms:String) []   
 , RemoteException
    + FullyQualifiedErrorId : Nat 
   iveCommandError
 
[31merror during build:
[31mBuild failed with 2 errors:

[31m[PARSE_ERROR] Error:[0m 
Identifier `MbtiPage` has already 
been declared
   [38;5;246mΓò¡[0m[38;5;246mΓö
Ç[0m[38;5;246m[[0m 
src/App.jsx:4:8 [38;5;246m][0m
   [38;5;246mΓöé[0m
 [38;5;246m4 Γöé[0m [38;5;249mi
[0m[38;5;249mm[0m[38;5;249mp[
0m[38;5;249mo[0m[38;5;249mr[0m
[38;5;249mt[0m[38;5;249m 
[0mMbtiPage[38;5;249m [0m[38;5
;249mf[0m[38;5;249mr[0m[38;5;2
49mo[0m[38;5;249mm[0m[38;5;249
m [0m[38;5;249m"[0m[38;5;249m.
[0m[38;5;249m/[0m[38;5;249mp[
0m[38;5;249ma[0m[38;5;249mg[0m
[38;5;249me[0m[38;5;249ms[0m[
38;5;249m/[0m[38;5;249mM[0m[38
;5;249mb[0m[38;5;249mt[0m[38;5
;249mi[0m[38;5;249mP[0m[38;5;2
49ma[0m[38;5;249mg[0m[38;5;249
me[0m[38;5;249m"[0m[38;5;249m;
[0m
 [38;5;240m  Γöé[0m        
ΓöÇΓöÇΓöÇΓöÇΓö¼ΓöÇΓöÇΓöÇ  
 [38;5;240m  Γöé[0m            
Γò░ΓöÇΓöÇΓöÇΓöÇΓöÇ `MbtiPage` has 
already been declared here
 [38;5;240m  Γöé[0m 
 [38;5;246m8 Γöé[0m [38;5;249mi
[0m[38;5;249mm[0m[38;5;249mp[
0m[38;5;249mo[0m[38;5;249mr[0m
[38;5;249mt[0m[38;5;249m 
[0mMbtiPage[38;5;249m [0m[38;5
;249mf[0m[38;5;249mr[0m[38;5;2
49mo[0m[38;5;249mm[0m[38;5;249
m [0m[38;5;249m"[0m[38;5;249m.
[0m[38;5;249m/[0m[38;5;249mp[
0m[38;5;249ma[0m[38;5;249mg[0m
[38;5;249me[0m[38;5;249ms[0m[
38;5;249m/[0m[38;5;249mM[0m[38
;5;249mb[0m[38;5;249mt[0m[38;5
;249mi[0m[38;5;249mP[0m[38;5;2
49ma[0m[38;5;249mg[0m[38;5;249
me[0m[38;5;249m"[0m[38;5;249m;
[0m
 [38;5;240m  Γöé[0m        
ΓöÇΓöÇΓöÇΓöÇΓö¼ΓöÇΓöÇΓöÇ  
 [38;5;240m  Γöé[0m            
Γò░ΓöÇΓöÇΓöÇΓöÇΓöÇ It can not be 
redeclared here
[38;5;246mΓöÇΓöÇΓöÇΓò»[0m

[31m[PARSE_ERROR] Error:[0m 
Identifier `MbtiResult` has 
already been declared
   [38;5;246mΓò¡[0m[38;5;246mΓö
Ç[0m[38;5;246m[[0m 
src/App.jsx:5:8 [38;5;246m][0m
   [38;5;246mΓöé[0m
 [38;5;246m5 Γöé[0m [38;5;249mi
[0m[38;5;249mm[0m[38;5;249mp[
0m[38;5;249mo[0m[38;5;249mr[0m
[38;5;249mt[0m[38;5;249m 
[0mMbtiResult[38;5;249m [0m[38
;5;249mf[0m[38;5;249mr[0m[38;5
;249mo[0m[38;5;249mm[0m[38;5;2
49m [0m[38;5;249m"[0m[38;5;249
m.[0m[38;5;249m/[0m[38;5;249mp
[0m[38;5;249ma[0m[38;5;249mg[
0m[38;5;249me[0m[38;5;249ms[0m
[38;5;249m/[0m[38;5;249mM[0m[
38;5;249mb[0m[38;5;249mt[0m[38
;5;249mi[0m[38;5;249mR[0m[38;5
;249me[0m[38;5;249ms[0m[38;5;2
49mu[0m[38;5;249ml[0m[38;5;249
mt[0m[38;5;249m"[0m[38;5;249m;
[0m
 [38;5;240m  Γöé[0m        
ΓöÇΓöÇΓöÇΓöÇΓöÇΓö¼ΓöÇΓöÇΓöÇΓöÇ  
 [38;5;240m  Γöé[0m             
Γò░ΓöÇΓöÇΓöÇΓöÇΓöÇΓöÇ 
`MbtiResult` has already been 
declared here
 [38;5;240m  Γöé[0m 
 [38;5;246m9 Γöé[0m [38;5;249mi
[0m[38;5;249mm[0m[38;5;249mp[
0m[38;5;249mo[0m[38;5;249mr[0m
[38;5;249mt[0m[38;5;249m 
[0mMbtiResult[38;5;249m [0m[38
;5;249mf[0m[38;5;249mr[0m[38;5
;249mo[0m[38;5;249mm[0m[38;5;2
49m [0m[38;5;249m"[0m[38;5;249
m.[0m[38;5;249m/[0m[38;5;249mp
[0m[38;5;249ma[0m[38;5;249mg[
0m[38;5;249me[0m[38;5;249ms[0m
[38;5;249m/[0m[38;5;249mM[0m[
38;5;249mb[0m[38;5;249mt[0m[38
;5;249mi[0m[38;5;249mR[0m[38;5
;249me[0m[38;5;249ms[0m[38;5;2
49mu[0m[38;5;249ml[0m[38;5;249
mt[0m[38;5;249m"[0m[38;5;249m;
[0m
 [38;5;240m  Γöé[0m        
ΓöÇΓöÇΓöÇΓöÇΓöÇΓö¼ΓöÇΓöÇΓöÇΓöÇ  
 [38;5;240m  Γöé[0m             
Γò░ΓöÇΓöÇΓöÇΓöÇΓöÇΓöÇ It can not 
be redeclared here
[38;5;246mΓöÇΓöÇΓöÇΓò»[0m
[31m
    at 
aggregateBindingErrorsIntoJsError 
(file:///D:/work/coding%20etc/omni
type/frontend/node_modules/rolldow
n/dist/shared/error-BYPsvVEN.mjs:5
2:18)
    at unwrapBindingResult (file:/
//D:/work/coding%20etc/omnitype/fr
ontend/node_modules/rolldown/dist/
shared/error-BYPsvVEN.mjs:22:128)
    at #build (file:///D:/work/cod
ing%20etc/omnitype/frontend/node_m
odules/rolldown/dist/shared/rolldo
wn-build-BsRSEDqH.mjs:3356:34)
    at async buildEnvironment (fil
e:///D:/work/coding%20etc/omnitype
/frontend/node_modules/vite/dist/n
ode/chunks/node.js:32703:64)
    at async Object.build (file://
/D:/work/coding%20etc/omnitype/fro
ntend/node_modules/vite/dist/node/
chunks/node.js:33125:19)
    at async Object.buildApp (file
:///D:/work/coding%20etc/omnitype/
frontend/node_modules/vite/dist/no
de/chunks/node.js:33122:153)
    at async CAC.<anonymous> (file
:///D:/work/coding%20etc/omnitype/
frontend/node_modules/vite/dist/no
de/cli.js:642:3) {
  errors: [Getter/Setter]
}[39m
